node.exe : ΓÜá 
Warning: Next.js 
inferred your 
workspace root, but 
it may not be 
correct.
At line:1 char:1
+ & "C:\Program Files
\nodejs/node.exe" "C:
\Users\agila\AppData\
Roaming\ ...
+ ~~~~~~~~~~~~~~~~~~~
~~~~~~~~~~~~~~~~~~~~~
~~~~~~~~~~~~~~~~~~~~~
~~~~~~~~
    + CategoryInfo   
           : NotSpe  
  cified: (ΓÜá War   
 ning: Ne...not b    
e correct.:Strin    
g) [], RemoteExc    
eption
    + FullyQualified 
   ErrorId : Native  
  CommandError
 
 We detected 
multiple lockfiles 
and selected the 
directory of C:\Users
\agila\package-lock.j
son as the root 
directory.
 To silence this 
warning, set 
`turbopack.root` in 
your Next.js config, 
or consider removing 
one of the lockfiles 
if it's not needed.
   See https://nextjs
.org/docs/app/api-ref
erence/config/next-co
nfig-js/turbopack#roo
t-directory for more 
information.
 Detected additional 
lockfiles: 
   * C:\Users\agila\O
neDrive\Documents\Agi
la\CCTV_SK-tech\front
end\package-lock.json

Γû▓ Next.js 16.1.6 (Turbopack)
- Environments: .env.local

  Creating an optimized production build ...

> Build error 
occurred
Error: Turbopack 
build failed with 1 
errors:
./OneDrive/Documents/
Agila/CCTV_SK-tech/fr
ontend/src/components
/product/SlotBooking.
tsx:254:1
Parsing ecmascript 
source code failed
[0m [90m 252 
|[39m     [33m<[39
m[33m/[39m[33mdiv
[39m[33m>[39m
 [90m 253 |[39m   
)[33m;[39m
[31m[1m>[22m[39m
[90m 254 |[39m 
}[33m;[39m
 [90m     |[39m 
[31m[1m^[22m[39m
 [90m 255 |[39m
 [90m 256 |[39m 
[36mexport[39m 
[36mdefault[39m [3
3mSlotBooking[39m[3
3m;[39m
 [90m 257 |[39m[0m

Unexpected token. 
Did you mean `{'}'}` 
or `&rbrace;`?

Import traces:
  Client Component 
Browser:
    ./OneDrive/Docume
nts/Agila/CCTV_SK-tec
h/frontend/src/compon
ents/product/SlotBook
ing.tsx [Client 
Component Browser]
    ./OneDrive/Docume
nts/Agila/CCTV_SK-tec
h/frontend/src/app/in
stallation/page.tsx 
[Client Component 
Browser]
    ./OneDrive/Docume
nts/Agila/CCTV_SK-tec
h/frontend/src/app/in
stallation/page.tsx 
[Server Component]

  Client Component 
SSR:
    ./OneDrive/Docume
nts/Agila/CCTV_SK-tec
h/frontend/src/compon
ents/product/SlotBook
ing.tsx [Client 
Component SSR]
    ./OneDrive/Docume
nts/Agila/CCTV_SK-tec
h/frontend/src/app/in
stallation/page.tsx 
[Client Component 
SSR]
    ./OneDrive/Docume
nts/Agila/CCTV_SK-tec
h/frontend/src/app/in
stallation/page.tsx 
[Server Component]


    at <unknown> (./O
neDrive/Documents/Agi
la/CCTV_SK-tech/front
end/src/components/pr
oduct/SlotBooking.tsx
:254:1)
